// Jest Snapshot v1, https://goo.gl/fbAQLP

exports[`<NotFoundPage /> tests should render and match the snapshot 1`] = `
<div
  class="NotFoundPage__NotFoundContainer-ywwv48-1 kdRizI"
>
  <p
    class="T__StyledText-gcrjip-0 irGVum"
    data-testid="details"
  >
    Oops you ran out of Oxygen!, dont worry, you can go back home and start exploring again!
  </p>
  <button
    class="NotFoundPage__CustomButton-ywwv48-2 dmxaol"
    data-testid="back-button"
  >
    Go Back
  </button>
  <div
    class="ant-image"
  >
    <img
      class="ant-image-img NotFoundPage__NotFoundImage-ywwv48-0 iaNjhN"
      src="IMAGE_MOCK"
    />
  </div>
</div>
`;
