// Jest Snapshot v1, https://goo.gl/fbAQLP

exports[`<ErrorHandler /> should render and match the snapshot 1`] = `
<body>
  <div />
</body>
`;
